// Jest Snapshot v1, https://goo.gl/fbAQLP

exports[`Repertoire AsSaved transforms to a saved repertoire 1`] = `
SavedRepertoire {
  "positions": Array [
    SavedRepertoirePosition {
      "children": Array [
        SavedMove {
          "positionId": 1,
          "san": "e3",
        },
        SavedMove {
          "positionId": 6,
          "san": "d3",
        },
      ],
      "comment": "",
      "easinessFactor": 2.5,
      "fen": "rnbqkbnr/pppppppp/8/8/8/8/PPPPPPPP/RNBQKBNR w KQkq - 0 1",
      "forSide": 0,
      "intervalIndex": 0,
      "myTurn": true,
      "nextRepetitionTimestamp": undefined,
      "parentIds": Array [],
      "previousIntervalDays": 0,
      "trainingHistory": Array [],
    },
    SavedRepertoirePosition {
      "children": Array [
        SavedMove {
          "positionId": 2,
          "san": "e6",
        },
      ],
      "comment": "",
      "easinessFactor": 2.5,
      "fen": "rnbqkbnr/pppppppp/8/8/8/4P3/PPPP1PPP/RNBQKBNR b KQkq - 0 1",
      "forSide": 0,
      "intervalIndex": 0,
      "myTurn": false,
      "nextRepetitionTimestamp": undefined,
      "parentIds": Array [
        0,
      ],
      "previousIntervalDays": 0,
      "trainingHistory": Array [],
    },
    SavedRepertoirePosition {
      "children": Array [
        SavedMove {
          "positionId": 3,
          "san": "d3",
        },
        SavedMove {
          "positionId": 4,
          "san": "e4",
        },
      ],
      "comment": "",
      "easinessFactor": 2.5,
      "fen": "rnbqkbnr/pppp1ppp/4p3/8/8/4P3/PPPP1PPP/RNBQKBNR w KQkq - 0 2",
      "forSide": 0,
      "intervalIndex": 0,
      "myTurn": true,
      "nextRepetitionTimestamp": undefined,
      "parentIds": Array [
        1,
      ],
      "previousIntervalDays": 0,
      "trainingHistory": Array [],
    },
    SavedRepertoirePosition {
      "children": Array [],
      "comment": "",
      "easinessFactor": 2.5,
      "fen": "rnbqkbnr/pppp1ppp/4p3/8/8/3PP3/PPP2PPP/RNBQKBNR b KQkq - 0 2",
      "forSide": 0,
      "intervalIndex": 0,
      "myTurn": false,
      "nextRepetitionTimestamp": undefined,
      "parentIds": Array [
        2,
        7,
      ],
      "previousIntervalDays": 0,
      "trainingHistory": Array [],
    },
    SavedRepertoirePosition {
      "children": Array [
        SavedMove {
          "positionId": 5,
          "san": "e5",
        },
      ],
      "comment": "",
      "easinessFactor": 2.5,
      "fen": "rnbqkbnr/pppp1ppp/4p3/8/4P3/8/PPPP1PPP/RNBQKBNR b KQkq - 0 2",
      "forSide": 0,
      "intervalIndex": 0,
      "myTurn": false,
      "nextRepetitionTimestamp": undefined,
      "parentIds": Array [
        2,
      ],
      "previousIntervalDays": 0,
      "trainingHistory": Array [],
    },
    SavedRepertoirePosition {
      "children": Array [],
      "comment": "",
      "easinessFactor": 2.5,
      "fen": "rnbqkbnr/pppp1ppp/8/4p3/4P3/8/PPPP1PPP/RNBQKBNR w KQkq - 0 3",
      "forSide": 0,
      "intervalIndex": 0,
      "myTurn": true,
      "nextRepetitionTimestamp": undefined,
      "parentIds": Array [
        4,
      ],
      "previousIntervalDays": 0,
      "trainingHistory": Array [],
    },
    SavedRepertoirePosition {
      "children": Array [
        SavedMove {
          "positionId": 7,
          "san": "e6",
        },
      ],
      "comment": "",
      "easinessFactor": 2.5,
      "fen": "rnbqkbnr/pppppppp/8/8/8/3P4/PPP1PPPP/RNBQKBNR b KQkq - 0 1",
      "forSide": 0,
      "intervalIndex": 0,
      "myTurn": false,
      "nextRepetitionTimestamp": undefined,
      "parentIds": Array [
        0,
      ],
      "previousIntervalDays": 0,
      "trainingHistory": Array [],
    },
    SavedRepertoirePosition {
      "children": Array [
        SavedMove {
          "positionId": 3,
          "san": "e3",
        },
      ],
      "comment": "",
      "easinessFactor": 2.5,
      "fen": "rnbqkbnr/pppp1ppp/4p3/8/8/3P4/PPP1PPPP/RNBQKBNR w KQkq - 0 2",
      "forSide": 0,
      "intervalIndex": 0,
      "myTurn": true,
      "nextRepetitionTimestamp": undefined,
      "parentIds": Array [
        6,
      ],
      "previousIntervalDays": 0,
      "trainingHistory": Array [],
    },
  ],
  "tags": Array [
    SavedRepertoireTag {
      "children": Array [
        SavedRepertoireTag {
          "children": Array [
            SavedRepertoireTag {
              "children": Array [],
              "fen": "rnbqkbnr/pppp1ppp/4p3/8/8/4P3/PPPP1PPP/RNBQKBNR w KQkq - 0 2",
              "forSide": 0,
              "id": "3",
              "name": "Variation AB",
              "positionId": 2,
            },
          ],
          "fen": "rnbqkbnr/pppp1ppp/4p3/8/8/4P3/PPPP1PPP/RNBQKBNR w KQkq - 0 2",
          "forSide": 0,
          "id": "2",
          "name": "Variation A",
          "positionId": 2,
        },
        SavedRepertoireTag {
          "children": Array [],
          "fen": "rnbqkbnr/pppp1ppp/4p3/8/8/4P3/PPPP1PPP/RNBQKBNR w KQkq - 0 2",
          "forSide": 0,
          "id": "4",
          "name": "Variation C",
          "positionId": 2,
        },
      ],
      "fen": "rnbqkbnr/pppppppp/8/8/8/8/PPPPPPPP/RNBQKBNR w KQkq - 0 1",
      "forSide": 0,
      "id": "0",
      "name": "White",
      "positionId": 0,
    },
    SavedRepertoireTag {
      "children": Array [],
      "fen": "rnbqkbnr/pppppppp/8/8/8/8/PPPPPPPP/RNBQKBNR w KQkq - 0 1",
      "forSide": 1,
      "id": "1",
      "name": "Black",
      "positionId": 0,
    },
  ],
}
`;
